[INFO] Scanning for projects...
[INFO] 
[INFO] ---------------------< com.landgo:payment-service >---------------------
[INFO] Building payment-service 1.0.0
[INFO]   from pom.xml
[INFO] --------------------------------[ jar ]---------------------------------
[INFO] 
[INFO] >>> spring-boot:3.2.2:run (default-cli) > test-compile @ payment-service >>>
[INFO] 
[INFO] --- resources:3.3.1:resources (default-resources) @ payment-service ---
[INFO] Copying 3 resources from src/main/resources to target/classes
[INFO] Copying 1 resource from src/main/resources to target/classes
[INFO] 
[INFO] --- compiler:3.12.1:compile (default-compile) @ payment-service ---
[INFO] Nothing to compile - all classes are up to date.
[INFO] 
[INFO] --- resources:3.3.1:testResources (default-testResources) @ payment-service ---
[INFO] skip non existing resourceDirectory /Users/himanshuray/Desktop/LandGo/payment-service/src/test/resources
[INFO] 
[INFO] --- compiler:3.12.1:testCompile (default-testCompile) @ payment-service ---
[INFO] No sources to compile
[INFO] 
[INFO] <<< spring-boot:3.2.2:run (default-cli) < test-compile @ payment-service <<<
[INFO] 
[INFO] 
[INFO] --- spring-boot:3.2.2:run (default-cli) @ payment-service ---
[INFO] Attaching agents: []

  .   ____          _            __ _ _
 /\\ / ___'_ __ _ _(_)_ __  __ _ \ \ \ \
( ( )\___ | '_ | '_| | '_ \/ _` | \ \ \ \
 \\/  ___)| |_)| | | | | || (_| |  ) ) ) )
  '  |____| .__|_| |_|_| |_\__, | / / / /
 =========|_|==============|___/=/_/_/_/
[32m :: Spring Boot :: [39m              [2m (v3.2.2)[0;39m

[2m2026-05-09T00:19:44.508+05:30[0;39m [32m INFO[0;39m [35m79243[0;39m [2m---[0;39m [2m[payment-service] [           main][0;39m [2m[0;39m[36mc.l.p.PaymentServiceApplication         [0;39m [2m:[0;39m Starting PaymentServiceApplication using Java 23.0.2 with PID 79243 (/Users/himanshuray/Desktop/LandGo/payment-service/target/classes started by himanshuray in /Users/himanshuray/Desktop/LandGo/payment-service)
[2m2026-05-09T00:19:44.509+05:30[0;39m [32m INFO[0;39m [35m79243[0;39m [2m---[0;39m [2m[payment-service] [           main][0;39m [2m[0;39m[36mc.l.p.PaymentServiceApplication         [0;39m [2m:[0;39m No active profile set, falling back to 1 default profile: "default"
[2m2026-05-09T00:19:45.167+05:30[0;39m [32m INFO[0;39m [35m79243[0;39m [2m---[0;39m [2m[payment-service] [           main][0;39m [2m[0;39m[36m.s.d.r.c.RepositoryConfigurationDelegate[0;39m [2m:[0;39m Bootstrapping Spring Data JPA repositories in DEFAULT mode.
[2m2026-05-09T00:19:45.207+05:30[0;39m [32m INFO[0;39m [35m79243[0;39m [2m---[0;39m [2m[payment-service] [           main][0;39m [2m[0;39m[36m.s.d.r.c.RepositoryConfigurationDelegate[0;39m [2m:[0;39m Finished Spring Data repository scanning in 35 ms. Found 3 JPA repository interfaces.
[2m2026-05-09T00:19:45.894+05:30[0;39m [32m INFO[0;39m [35m79243[0;39m [2m---[0;39m [2m[payment-service] [           main][0;39m [2m[0;39m[36mo.s.b.w.embedded.tomcat.TomcatWebServer [0;39m [2m:[0;39m Tomcat initialized with port 8083 (http)
[2m2026-05-09T00:19:45.904+05:30[0;39m [32m INFO[0;39m [35m79243[0;39m [2m---[0;39m [2m[payment-service] [           main][0;39m [2m[0;39m[36mo.apache.catalina.core.StandardService  [0;39m [2m:[0;39m Starting service [Tomcat]
[2m2026-05-09T00:19:45.904+05:30[0;39m [32m INFO[0;39m [35m79243[0;39m [2m---[0;39m [2m[payment-service] [           main][0;39m [2m[0;39m[36mo.apache.catalina.core.StandardEngine   [0;39m [2m:[0;39m Starting Servlet engine: [Apache Tomcat/10.1.18]
[2m2026-05-09T00:19:45.939+05:30[0;39m [32m INFO[0;39m [35m79243[0;39m [2m---[0;39m [2m[payment-service] [           main][0;39m [2m[0;39m[36mo.a.c.c.C.[Tomcat].[localhost].[/]      [0;39m [2m:[0;39m Initializing Spring embedded WebApplicationContext
[2m2026-05-09T00:19:45.940+05:30[0;39m [32m INFO[0;39m [35m79243[0;39m [2m---[0;39m [2m[payment-service] [           main][0;39m [2m[0;39m[36mw.s.c.ServletWebServerApplicationContext[0;39m [2m:[0;39m Root WebApplicationContext: initialization completed in 1390 ms
[2m2026-05-09T00:19:46.168+05:30[0;39m [32m INFO[0;39m [35m79243[0;39m [2m---[0;39m [2m[payment-service] [           main][0;39m [2m[0;39m[36mcom.zaxxer.hikari.HikariDataSource      [0;39m [2m:[0;39m HikariPool-1 - Starting...
[2m2026-05-09T00:19:46.241+05:30[0;39m [32m INFO[0;39m [35m79243[0;39m [2m---[0;39m [2m[payment-service] [           main][0;39m [2m[0;39m[36mcom.zaxxer.hikari.pool.HikariPool       [0;39m [2m:[0;39m HikariPool-1 - Added connection org.postgresql.jdbc.PgConnection@5efe5b25
[2m2026-05-09T00:19:46.242+05:30[0;39m [32m INFO[0;39m [35m79243[0;39m [2m---[0;39m [2m[payment-service] [           main][0;39m [2m[0;39m[36mcom.zaxxer.hikari.HikariDataSource      [0;39m [2m:[0;39m HikariPool-1 - Start completed.
[2m2026-05-09T00:19:46.335+05:30[0;39m [32m INFO[0;39m [35m79243[0;39m [2m---[0;39m [2m[payment-service] [           main][0;39m [2m[0;39m[36mliquibase.database                      [0;39m [2m:[0;39m Set default schema name to public
[2m2026-05-09T00:19:46.402+05:30[0;39m [32m INFO[0;39m [35m79243[0;39m [2m---[0;39m [2m[payment-service] [           main][0;39m [2m[0;39m[36mliquibase.lockservice                   [0;39m [2m:[0;39m Successfully acquired change log lock
[2m2026-05-09T00:19:46.406+05:30[0;39m [32m INFO[0;39m [35m79243[0;39m [2m---[0;39m [2m[payment-service] [           main][0;39m [2m[0;39m[36mliquibase.command                       [0;39m [2m:[0;39m Dropping Database Objects in schema: landgo.public
[2m2026-05-09T00:19:46.622+05:30[0;39m [32m INFO[0;39m [35m79243[0;39m [2m---[0;39m [2m[payment-service] [           main][0;39m [2m[0;39m[36mliquibase.database                      [0;39m [2m:[0;39m Successfully deleted all supported object types in schema landgo.public.
[2m2026-05-09T00:19:46.627+05:30[0;39m [33m WARN[0;39m [35m79243[0;39m [2m---[0;39m [2m[payment-service] [           main][0;39m [2m[0;39m[36mliquibase.lockservice                   [0;39m [2m:[0;39m Failed to release change log lock
All objects dropped from postgres@jdbc:postgresql://localhost:5432/landgo
[2m2026-05-09T00:19:46.628+05:30[0;39m [32m INFO[0;39m [35m79243[0;39m [2m---[0;39m [2m[payment-service] [           main][0;39m [2m[0;39m[36mliquibase.command                       [0;39m [2m:[0;39m Command execution complete
[2m2026-05-09T00:19:46.753+05:30[0;39m [32m INFO[0;39m [35m79243[0;39m [2m---[0;39m [2m[payment-service] [           main][0;39m [2m[0;39m[36mliquibase.changelog                     [0;39m [2m:[0;39m Creating database history table with name: public.databasechangelog
[2m2026-05-09T00:19:46.766+05:30[0;39m [32m INFO[0;39m [35m79243[0;39m [2m---[0;39m [2m[payment-service] [           main][0;39m [2m[0;39m[36mliquibase.changelog                     [0;39m [2m:[0;39m Reading from public.databasechangelog
[2m2026-05-09T00:19:46.786+05:30[0;39m [32m INFO[0;39m [35m79243[0;39m [2m---[0;39m [2m[payment-service] [           main][0;39m [2m[0;39m[36mliquibase.lockservice                   [0;39m [2m:[0;39m Successfully acquired change log lock
[2m2026-05-09T00:19:46.787+05:30[0;39m [32m INFO[0;39m [35m79243[0;39m [2m---[0;39m [2m[payment-service] [           main][0;39m [2m[0;39m[36mliquibase.command                       [0;39m [2m:[0;39m Using deploymentId: 8266186787
[2m2026-05-09T00:19:46.788+05:30[0;39m [32m INFO[0;39m [35m79243[0;39m [2m---[0;39m [2m[payment-service] [           main][0;39m [2m[0;39m[36mliquibase.changelog                     [0;39m [2m:[0;39m Reading from public.databasechangelog
Running Changeset: db/changelog/db.changelog-master.json::0-create-schema::landgo
[2m2026-05-09T00:19:46.801+05:30[0;39m [33m WARN[0;39m [35m79243[0;39m [2m---[0;39m [2m[payment-service] [           main][0;39m [2m[0;39m[36mliquibase.executor                      [0;39m [2m:[0;39m schema "payments" already exists, skipping
[2m2026-05-09T00:19:46.802+05:30[0;39m [32m INFO[0;39m [35m79243[0;39m [2m---[0;39m [2m[payment-service] [           main][0;39m [2m[0;39m[36mliquibase.changelog                     [0;39m [2m:[0;39m Custom SQL executed
[2m2026-05-09T00:19:46.802+05:30[0;39m [32m INFO[0;39m [35m79243[0;39m [2m---[0;39m [2m[payment-service] [           main][0;39m [2m[0;39m[36mliquibase.changelog                     [0;39m [2m:[0;39m ChangeSet db/changelog/db.changelog-master.json::0-create-schema::landgo ran successfully in 6ms
Running Changeset: db/changelog/db.changelog-master.json::1-create-subscriptions-table::landgo
[2m2026-05-09T00:19:46.809+05:30[0;39m [33m WARN[0;39m [35m79243[0;39m [2m---[0;39m [2m[payment-service] [           main][0;39m [2m[0;39m[36mliquibase.executor                      [0;39m [2m:[0;39m relation "subscriptions" already exists, skipping
[2m2026-05-09T00:19:46.810+05:30[0;39m [32m INFO[0;39m [35m79243[0;39m [2m---[0;39m [2m[payment-service] [           main][0;39m [2m[0;39m[36mliquibase.changelog                     [0;39m [2m:[0;39m Custom SQL executed
[2m2026-05-09T00:19:46.810+05:30[0;39m [32m INFO[0;39m [35m79243[0;39m [2m---[0;39m [2m[payment-service] [           main][0;39m [2m[0;39m[36mliquibase.changelog                     [0;39m [2m:[0;39m ChangeSet db/changelog/db.changelog-master.json::1-create-subscriptions-table::landgo ran successfully in 4ms
Running Changeset: db/changelog/db.changelog-master.json::2-create-payments-table::landgo
[2m2026-05-09T00:19:46.814+05:30[0;39m [33m WARN[0;39m [35m79243[0;39m [2m---[0;39m [2m[payment-service] [           main][0;39m [2m[0;39m[36mliquibase.executor                      [0;39m [2m:[0;39m relation "payments" already exists, skipping
[2m2026-05-09T00:19:46.815+05:30[0;39m [32m INFO[0;39m [35m79243[0;39m [2m---[0;39m [2m[payment-service] [           main][0;39m [2m[0;39m[36mliquibase.changelog                     [0;39m [2m:[0;39m Custom SQL executed
[2m2026-05-09T00:19:46.815+05:30[0;39m [32m INFO[0;39m [35m79243[0;39m [2m---[0;39m [2m[payment-service] [           main][0;39m [2m[0;39m[36mliquibase.changelog                     [0;39m [2m:[0;39m ChangeSet db/changelog/db.changelog-master.json::2-create-payments-table::landgo ran successfully in 3ms
Running Changeset: db/changelog/db.changelog-master.json::3-create-plan-details-table::landgo
[2m2026-05-09T00:19:46.820+05:30[0;39m [33m WARN[0;39m [35m79243[0;39m [2m---[0;39m [2m[payment-service] [           main][0;39m [2m[0;39m[36mliquibase.executor                      [0;39m [2m:[0;39m relation "subscription_plan_details" already exists, skipping
[2m2026-05-09T00:19:46.820+05:30[0;39m [33m WARN[0;39m [35m79243[0;39m [2m---[0;39m [2m[payment-service] [           main][0;39m [2m[0;39m[36mliquibase.executor                      [0;39m [2m:[0;39m relation "plan_features" already exists, skipping
[2m2026-05-09T00:19:46.820+05:30[0;39m [32m INFO[0;39m [35m79243[0;39m [2m---[0;39m [2m[payment-service] [           main][0;39m [2m[0;39m[36mliquibase.changelog                     [0;39m [2m:[0;39m Custom SQL executed
[2m2026-05-09T00:19:46.829+05:30[0;39m [32m INFO[0;39m [35m79243[0;39m [2m---[0;39m [2m[payment-service] [           main][0;39m [2m[0;39m[36mliquibase.changelog                     [0;39m [2m:[0;39m Custom SQL executed
[2m2026-05-09T00:19:46.829+05:30[0;39m [32m INFO[0;39m [35m79243[0;39m [2m---[0;39m [2m[payment-service] [           main][0;39m [2m[0;39m[36mliquibase.changelog                     [0;39m [2m:[0;39m ChangeSet db/changelog/db.changelog-master.json::3-create-plan-details-table::landgo ran successfully in 12ms
Running Changeset: db/changelog/db.changelog-master.json::4-align-tables-with-entities::landgo
[2m2026-05-09T00:19:46.833+05:30[0;39m [33m WARN[0;39m [35m79243[0;39m [2m---[0;39m [2m[payment-service] [           main][0;39m [2m[0;39m[36mliquibase.executor                      [0;39m [2m:[0;39m column "deleted" of relation "subscriptions" already exists, skipping
[2m2026-05-09T00:19:46.833+05:30[0;39m [33m WARN[0;39m [35m79243[0;39m [2m---[0;39m [2m[payment-service] [           main][0;39m [2m[0;39m[36mliquibase.executor                      [0;39m [2m:[0;39m column "payment_reference" of relation "subscriptions" already exists, skipping
[2m2026-05-09T00:19:46.834+05:30[0;39m [33m WARN[0;39m [35m79243[0;39m [2m---[0;39m [2m[payment-service] [           main][0;39m [2m[0;39m[36mliquibase.executor                      [0;39m [2m:[0;39m column "deleted" of relation "payments" already exists, skipping
[2m2026-05-09T00:19:46.834+05:30[0;39m [33m WARN[0;39m [35m79243[0;39m [2m---[0;39m [2m[payment-service] [           main][0;39m [2m[0;39m[36mliquibase.executor                      [0;39m [2m:[0;39m column "deleted" of relation "subscription_plan_details" already exists, skipping
[2m2026-05-09T00:19:46.834+05:30[0;39m [32m INFO[0;39m [35m79243[0;39m [2m---[0;39m [2m[payment-service] [           main][0;39m [2m[0;39m[36mliquibase.changelog                     [0;39m [2m:[0;39m Custom SQL executed
[2m2026-05-09T00:19:46.834+05:30[0;39m [32m INFO[0;39m [35m79243[0;39m [2m---[0;39m [2m[payment-service] [           main][0;39m [2m[0;39m[36mliquibase.changelog                     [0;39m [2m:[0;39m ChangeSet db/changelog/db.changelog-master.json::4-align-tables-with-entities::landgo ran successfully in 3ms
Running Changeset: db/changelog/db.changelog-master.json::10-add-plan-category::antigravity
[2m2026-05-09T00:19:46.837+05:30[0;39m [33m WARN[0;39m [35m79243[0;39m [2m---[0;39m [2m[payment-service] [           main][0;39m [2m[0;39m[36mliquibase.executor                      [0;39m [2m:[0;39m column "plan_category" of relation "subscription_plan_details" already exists, skipping
[2m2026-05-09T00:19:46.838+05:30[0;39m [32m INFO[0;39m [35m79243[0;39m [2m---[0;39m [2m[payment-service] [           main][0;39m [2m[0;39m[36mliquibase.changelog                     [0;39m [2m:[0;39m Custom SQL executed
[2m2026-05-09T00:19:46.839+05:30[0;39m [32m INFO[0;39m [35m79243[0;39m [2m---[0;39m [2m[payment-service] [           main][0;39m [2m[0;39m[36mliquibase.changelog                     [0;39m [2m:[0;39m ChangeSet db/changelog/db.changelog-master.json::10-add-plan-category::antigravity ran successfully in 3ms
[2m2026-05-09T00:19:46.841+05:30[0;39m [32m INFO[0;39m [35m79243[0;39m [2m---[0;39m [2m[payment-service] [           main][0;39m [2m[0;39m[36mliquibase.util                          [0;39m [2m:[0;39m UPDATE SUMMARY
[2m2026-05-09T00:19:46.841+05:30[0;39m [32m INFO[0;39m [35m79243[0;39m [2m---[0;39m [2m[payment-service] [           main][0;39m [2m[0;39m[36mliquibase.util                          [0;39m [2m:[0;39m Run:                          6
[2m2026-05-09T00:19:46.841+05:30[0;39m [32m INFO[0;39m [35m79243[0;39m [2m---[0;39m [2m[payment-service] [           main][0;39m [2m[0;39m[36mliquibase.util                          [0;39m [2m:[0;39m Previously run:               0
[2m2026-05-09T00:19:46.841+05:30[0;39m [32m INFO[0;39m [35m79243[0;39m [2m---[0;39m [2m[payment-service] [           main][0;39m [2m[0;39m[36mliquibase.util                          [0;39m [2m:[0;39m Filtered out:                 0
[2m2026-05-09T00:19:46.842+05:30[0;39m [32m INFO[0;39m [35m79243[0;39m [2m---[0;39m [2m[payment-service] [           main][0;39m [2m[0;39m[36mliquibase.util                          [0;39m [2m:[0;39m -------------------------------
[2m2026-05-09T00:19:46.842+05:30[0;39m [32m INFO[0;39m [35m79243[0;39m [2m---[0;39m [2m[payment-service] [           main][0;39m [2m[0;39m[36mliquibase.util                          [0;39m [2m:[0;39m Total change sets:            6
[2m2026-05-09T00:19:46.842+05:30[0;39m [32m INFO[0;39m [35m79243[0;39m [2m---[0;39m [2m[payment-service] [           main][0;39m [2m[0;39m[36mliquibase.util                          [0;39m [2m:[0;39m Update summary generated
[2m2026-05-09T00:19:46.842+05:30[0;39m [32m INFO[0;39m [35m79243[0;39m [2m---[0;39m [2m[payment-service] [           main][0;39m [2m[0;39m[36mliquibase.command                       [0;39m [2m:[0;39m Update command completed successfully.
Liquibase: Update has been successful. Rows affected: 25
[2m2026-05-09T00:19:46.845+05:30[0;39m [32m INFO[0;39m [35m79243[0;39m [2m---[0;39m [2m[payment-service] [           main][0;39m [2m[0;39m[36mliquibase.lockservice                   [0;39m [2m:[0;39m Successfully released change log lock
[2m2026-05-09T00:19:46.845+05:30[0;39m [32m INFO[0;39m [35m79243[0;39m [2m---[0;39m [2m[payment-service] [           main][0;39m [2m[0;39m[36mliquibase.command                       [0;39m [2m:[0;39m Command execution complete
[2m2026-05-09T00:19:46.910+05:30[0;39m [32m INFO[0;39m [35m79243[0;39m [2m---[0;39m [2m[payment-service] [           main][0;39m [2m[0;39m[36mo.hibernate.jpa.internal.util.LogHelper [0;39m [2m:[0;39m HHH000204: Processing PersistenceUnitInfo [name: default]
[2m2026-05-09T00:19:46.941+05:30[0;39m [32m INFO[0;39m [35m79243[0;39m [2m---[0;39m [2m[payment-service] [           main][0;39m [2m[0;39m[36morg.hibernate.Version                   [0;39m [2m:[0;39m HHH000412: Hibernate ORM core version 6.4.1.Final
[2m2026-05-09T00:19:46.960+05:30[0;39m [32m INFO[0;39m [35m79243[0;39m [2m---[0;39m [2m[payment-service] [           main][0;39m [2m[0;39m[36mo.h.c.internal.RegionFactoryInitiator   [0;39m [2m:[0;39m HHH000026: Second-level cache disabled
[2m2026-05-09T00:19:47.090+05:30[0;39m [32m INFO[0;39m [35m79243[0;39m [2m---[0;39m [2m[payment-service] [           main][0;39m [2m[0;39m[36mo.s.o.j.p.SpringPersistenceUnitInfo     [0;39m [2m:[0;39m No LoadTimeWeaver setup: ignoring JPA class transformer
[2m2026-05-09T00:19:47.114+05:30[0;39m [33m WARN[0;39m [35m79243[0;39m [2m---[0;39m [2m[payment-service] [           main][0;39m [2m[0;39m[36morg.hibernate.orm.deprecation           [0;39m [2m:[0;39m HHH90000025: PostgreSQLDialect does not need to be specified explicitly using 'hibernate.dialect' (remove the property setting and it will be selected by default)
[2m2026-05-09T00:19:47.778+05:30[0;39m [32m INFO[0;39m [35m79243[0;39m [2m---[0;39m [2m[payment-service] [           main][0;39m [2m[0;39m[36mo.h.e.t.j.p.i.JtaPlatformInitiator      [0;39m [2m:[0;39m HHH000489: No JTA platform available (set 'hibernate.transaction.jta.platform' to enable JTA platform integration)
[2m2026-05-09T00:19:47.801+05:30[0;39m [32m INFO[0;39m [35m79243[0;39m [2m---[0;39m [2m[payment-service] [           main][0;39m [2m[0;39m[36mj.LocalContainerEntityManagerFactoryBean[0;39m [2m:[0;39m Initialized JPA EntityManagerFactory for persistence unit 'default'
[2m2026-05-09T00:19:48.080+05:30[0;39m [32m INFO[0;39m [35m79243[0;39m [2m---[0;39m [2m[payment-service] [           main][0;39m [2m[0;39m[36mo.s.d.j.r.query.QueryEnhancerFactory    [0;39m [2m:[0;39m Hibernate is in classpath; If applicable, HQL parser will be used.
[2m2026-05-09T00:19:48.741+05:30[0;39m [33m WARN[0;39m [35m79243[0;39m [2m---[0;39m [2m[payment-service] [           main][0;39m [2m[0;39m[36m.s.s.UserDetailsServiceAutoConfiguration[0;39m [2m:[0;39m 

Using generated security password: c08de65f-1ab9-478a-a40d-1ab7e89b03ab

This generated password is for development use only. Your security configuration must be updated before running your application in production.

[2m2026-05-09T00:19:49.116+05:30[0;39m [32m INFO[0;39m [35m79243[0;39m [2m---[0;39m [2m[payment-service] [           main][0;39m [2m[0;39m[36mo.s.b.a.e.web.EndpointLinksResolver     [0;39m [2m:[0;39m Exposing 2 endpoint(s) beneath base path '/actuator'
[2m2026-05-09T00:19:49.221+05:30[0;39m [32m INFO[0;39m [35m79243[0;39m [2m---[0;39m [2m[payment-service] [           main][0;39m [2m[0;39m[36mo.s.s.web.DefaultSecurityFilterChain    [0;39m [2m:[0;39m Will secure any request with [org.springframework.security.web.session.DisableEncodeUrlFilter@75b41ff3, org.springframework.security.web.context.request.async.WebAsyncManagerIntegrationFilter@61bb5770, org.springframework.security.web.context.SecurityContextHolderFilter@367fd31a, org.springframework.security.web.header.HeaderWriterFilter@1079496c, org.springframework.web.filter.CorsFilter@1f5246e2, org.springframework.security.web.authentication.logout.LogoutFilter@1c98d788, com.landgo.paymentservice.security.JwtAuthenticationFilter@1247c72e, org.springframework.security.web.savedrequest.RequestCacheAwareFilter@7459002d, org.springframework.security.web.servletapi.SecurityContextHolderAwareRequestFilter@157eac27, org.springframework.security.web.authentication.AnonymousAuthenticationFilter@2b34a1e0, org.springframework.security.web.session.SessionManagementFilter@1b5359a1, org.springframework.security.web.access.ExceptionTranslationFilter@286bd902, org.springframework.security.web.access.intercept.AuthorizationFilter@4dbae8f]
[2m2026-05-09T00:19:49.671+05:30[0;39m [32m INFO[0;39m [35m79243[0;39m [2m---[0;39m [2m[payment-service] [           main][0;39m [2m[0;39m[36mo.s.b.w.embedded.tomcat.TomcatWebServer [0;39m [2m:[0;39m Tomcat started on port 8083 (http) with context path ''
[2m2026-05-09T00:19:49.687+05:30[0;39m [32m INFO[0;39m [35m79243[0;39m [2m---[0;39m [2m[payment-service] [           main][0;39m [2m[0;39m[36mc.l.p.PaymentServiceApplication         [0;39m [2m:[0;39m Started PaymentServiceApplication in 5.422 seconds (process running for 5.672)
[2m2026-05-09T00:20:12.051+05:30[0;39m [32m INFO[0;39m [35m79243[0;39m [2m---[0;39m [2m[payment-service] [nio-8083-exec-1][0;39m [2m[0;39m[36mo.a.c.c.C.[Tomcat].[localhost].[/]      [0;39m [2m:[0;39m Initializing Spring DispatcherServlet 'dispatcherServlet'
[2m2026-05-09T00:20:12.054+05:30[0;39m [32m INFO[0;39m [35m79243[0;39m [2m---[0;39m [2m[payment-service] [nio-8083-exec-1][0;39m [2m[0;39m[36mo.s.web.servlet.DispatcherServlet       [0;39m [2m:[0;39m Initializing Servlet 'dispatcherServlet'
[2m2026-05-09T00:20:12.059+05:30[0;39m [32m INFO[0;39m [35m79243[0;39m [2m---[0;39m [2m[payment-service] [nio-8083-exec-1][0;39m [2m[0;39m[36mo.s.web.servlet.DispatcherServlet       [0;39m [2m:[0;39m Completed initialization in 3 ms
[2m2026-05-10T07:24:28.677+05:30[0;39m [33m WARN[0;39m [35m79243[0;39m [2m---[0;39m [2m[payment-service] [l-1 housekeeper][0;39m [2m[0;39m[36mcom.zaxxer.hikari.pool.HikariPool       [0;39m [2m:[0;39m HikariPool-1 - Thread starvation or clock leap detected (housekeeper delta=2m14s881ms).
[2m2026-05-10T07:30:27.419+05:30[0;39m [33m WARN[0;39m [35m79243[0;39m [2m---[0;39m [2m[payment-service] [l-1 housekeeper][0;39m [2m[0;39m[36mcom.zaxxer.hikari.pool.HikariPool       [0;39m [2m:[0;39m HikariPool-1 - Thread starvation or clock leap detected (housekeeper delta=5m28s655ms).
[2m2026-05-10T07:32:36.717+05:30[0;39m [33m WARN[0;39m [35m79243[0;39m [2m---[0;39m [2m[payment-service] [l-1 housekeeper][0;39m [2m[0;39m[36mcom.zaxxer.hikari.pool.HikariPool       [0;39m [2m:[0;39m HikariPool-1 - Thread starvation or clock leap detected (housekeeper delta=1m39s278ms).
[2m2026-05-10T07:33:49.456+05:30[0;39m [33m WARN[0;39m [35m79243[0;39m [2m---[0;39m [2m[payment-service] [l-1 housekeeper][0;39m [2m[0;39m[36mcom.zaxxer.hikari.pool.HikariPool       [0;39m [2m:[0;39m HikariPool-1 - Thread starvation or clock leap detected (housekeeper delta=1m12s739ms).
[2m2026-05-10T07:38:42.970+05:30[0;39m [33m WARN[0;39m [35m79243[0;39m [2m---[0;39m [2m[payment-service] [l-1 housekeeper][0;39m [2m[0;39m[36mcom.zaxxer.hikari.pool.HikariPool       [0;39m [2m:[0;39m HikariPool-1 - Thread starvation or clock leap detected (housekeeper delta=4m23s505ms).
[2m2026-05-10T07:44:11.487+05:30[0;39m [33m WARN[0;39m [35m79243[0;39m [2m---[0;39m [2m[payment-service] [l-1 housekeeper][0;39m [2m[0;39m[36mcom.zaxxer.hikari.pool.HikariPool       [0;39m [2m:[0;39m HikariPool-1 - Thread starvation or clock leap detected (housekeeper delta=5m28s517ms).
[2m2026-05-10T07:50:10.022+05:30[0;39m [33m WARN[0;39m [35m79243[0;39m [2m---[0;39m [2m[payment-service] [l-1 housekeeper][0;39m [2m[0;39m[36mcom.zaxxer.hikari.pool.HikariPool       [0;39m [2m:[0;39m HikariPool-1 - Thread starvation or clock leap detected (housekeeper delta=5m28s519ms).
[2m2026-05-10T08:06:34.902+05:30[0;39m [33m WARN[0;39m [35m79243[0;39m [2m---[0;39m [2m[payment-service] [l-1 housekeeper][0;39m [2m[0;39m[36mcom.zaxxer.hikari.pool.HikariPool       [0;39m [2m:[0;39m HikariPool-1 - Thread starvation or clock leap detected (housekeeper delta=15m54s866ms).
[2m2026-05-10T08:25:02.861+05:30[0;39m [33m WARN[0;39m [35m79243[0;39m [2m---[0;39m [2m[payment-service] [l-1 housekeeper][0;39m [2m[0;39m[36mcom.zaxxer.hikari.pool.HikariPool       [0;39m [2m:[0;39m HikariPool-1 - Thread starvation or clock leap detected (housekeeper delta=5m27s772ms).
[2m2026-05-10T08:31:01.239+05:30[0;39m [33m WARN[0;39m [35m79243[0;39m [2m---[0;39m [2m[payment-service] [l-1 housekeeper][0;39m [2m[0;39m[36mcom.zaxxer.hikari.pool.HikariPool       [0;39m [2m:[0;39m HikariPool-1 - Thread starvation or clock leap detected (housekeeper delta=5m28s364ms).
[2m2026-05-10T08:39:23.866+05:30[0;39m [33m WARN[0;39m [35m79243[0;39m [2m---[0;39m [2m[payment-service] [l-1 housekeeper][0;39m [2m[0;39m[36mcom.zaxxer.hikari.pool.HikariPool       [0;39m [2m:[0;39m HikariPool-1 - Thread starvation or clock leap detected (housekeeper delta=8m22s630ms).
[2m2026-05-10T08:55:48.753+05:30[0;39m [33m WARN[0;39m [35m79243[0;39m [2m---[0;39m [2m[payment-service] [l-1 housekeeper][0;39m [2m[0;39m[36mcom.zaxxer.hikari.pool.HikariPool       [0;39m [2m:[0;39m HikariPool-1 - Thread starvation or clock leap detected (housekeeper delta=15m54s871ms).
[2m2026-05-10T09:12:18.619+05:30[0;39m [33m WARN[0;39m [35m79243[0;39m [2m---[0;39m [2m[payment-service] [l-1 housekeeper][0;39m [2m[0;39m[36mcom.zaxxer.hikari.pool.HikariPool       [0;39m [2m:[0;39m HikariPool-1 - Thread starvation or clock leap detected (housekeeper delta=15m59s851ms).
[2m2026-05-10T09:28:23.374+05:30[0;39m [33m WARN[0;39m [35m79243[0;39m [2m---[0;39m [2m[payment-service] [l-1 housekeeper][0;39m [2m[0;39m[36mcom.zaxxer.hikari.pool.HikariPool       [0;39m [2m:[0;39m HikariPool-1 - Thread starvation or clock leap detected (housekeeper delta=15m34s742ms).
[2m2026-05-10T09:40:26.084+05:30[0;39m [33m WARN[0;39m [35m79243[0;39m [2m---[0;39m [2m[payment-service] [l-1 housekeeper][0;39m [2m[0;39m[36mcom.zaxxer.hikari.pool.HikariPool       [0;39m [2m:[0;39m HikariPool-1 - Thread starvation or clock leap detected (housekeeper delta=11m32s693ms).
[2m2026-05-10T09:56:50.982+05:30[0;39m [33m WARN[0;39m [35m79243[0;39m [2m---[0;39m [2m[payment-service] [l-1 housekeeper][0;39m [2m[0;39m[36mcom.zaxxer.hikari.pool.HikariPool       [0;39m [2m:[0;39m HikariPool-1 - Thread starvation or clock leap detected (housekeeper delta=15m54s893ms).
[2m2026-05-10T10:13:16.012+05:30[0;39m [33m WARN[0;39m [35m79243[0;39m [2m---[0;39m [2m[payment-service] [l-1 housekeeper][0;39m [2m[0;39m[36mcom.zaxxer.hikari.pool.HikariPool       [0;39m [2m:[0;39m HikariPool-1 - Thread starvation or clock leap detected (housekeeper delta=15m55s20ms).
[2m2026-05-10T10:29:40.906+05:30[0;39m [33m WARN[0;39m [35m79243[0;39m [2m---[0;39m [2m[payment-service] [l-1 housekeeper][0;39m [2m[0;39m[36mcom.zaxxer.hikari.pool.HikariPool       [0;39m [2m:[0;39m HikariPool-1 - Thread starvation or clock leap detected (housekeeper delta=15m54s878ms).
[2m2026-05-10T10:41:38.562+05:30[0;39m [33m WARN[0;39m [35m79243[0;39m [2m---[0;39m [2m[payment-service] [l-1 housekeeper][0;39m [2m[0;39m[36mcom.zaxxer.hikari.pool.HikariPool       [0;39m [2m:[0;39m HikariPool-1 - Thread starvation or clock leap detected (housekeeper delta=11m27s644ms).
[2m2026-05-10T10:57:33.523+05:30[0;39m [33m WARN[0;39m [35m79243[0;39m [2m---[0;39m [2m[payment-service] [l-1 housekeeper][0;39m [2m[0;39m[36mcom.zaxxer.hikari.pool.HikariPool       [0;39m [2m:[0;39m HikariPool-1 - Thread starvation or clock leap detected (housekeeper delta=15m54s955ms).
[2m2026-05-10T11:14:28.416+05:30[0;39m [33m WARN[0;39m [35m79243[0;39m [2m---[0;39m [2m[payment-service] [l-1 housekeeper][0;39m [2m[0;39m[36mcom.zaxxer.hikari.pool.HikariPool       [0;39m [2m:[0;39m HikariPool-1 - Thread starvation or clock leap detected (housekeeper delta=15m54s870ms).
[2m2026-05-10T11:30:02.977+05:30[0;39m [33m WARN[0;39m [35m79243[0;39m [2m---[0;39m [2m[payment-service] [l-1 housekeeper][0;39m [2m[0;39m[36mcom.zaxxer.hikari.pool.HikariPool       [0;39m [2m:[0;39m HikariPool-1 - Thread starvation or clock leap detected (housekeeper delta=15m34s560ms).
[2m2026-05-10T11:42:42.412+05:30[0;39m [33m WARN[0;39m [35m79243[0;39m [2m---[0;39m [2m[payment-service] [l-1 housekeeper][0;39m [2m[0;39m[36mcom.zaxxer.hikari.pool.HikariPool       [0;39m [2m:[0;39m HikariPool-1 - Thread starvation or clock leap detected (housekeeper delta=11m39s410ms).
[2m2026-05-10T11:58:37.256+05:30[0;39m [33m WARN[0;39m [35m79243[0;39m [2m---[0;39m [2m[payment-service] [l-1 housekeeper][0;39m [2m[0;39m[36mcom.zaxxer.hikari.pool.HikariPool       [0;39m [2m:[0;39m HikariPool-1 - Thread starvation or clock leap detected (housekeeper delta=15m54s845ms).
[2m2026-05-10T12:14:53.595+05:30[0;39m [33m WARN[0;39m [35m79243[0;39m [2m---[0;39m [2m[payment-service] [l-1 housekeeper][0;39m [2m[0;39m[36mcom.zaxxer.hikari.pool.HikariPool       [0;39m [2m:[0;39m HikariPool-1 - Thread starvation or clock leap detected (housekeeper delta=15m46s321ms).
[2m2026-05-10T12:30:59.633+05:30[0;39m [33m WARN[0;39m [35m79243[0;39m [2m---[0;39m [2m[payment-service] [l-1 housekeeper][0;39m [2m[0;39m[36mcom.zaxxer.hikari.pool.HikariPool       [0;39m [2m:[0;39m HikariPool-1 - Thread starvation or clock leap detected (housekeeper delta=15m36s22ms).
[2m2026-05-10T12:43:42.098+05:30[0;39m [33m WARN[0;39m [35m79243[0;39m [2m---[0;39m [2m[payment-service] [l-1 housekeeper][0;39m [2m[0;39m[36mcom.zaxxer.hikari.pool.HikariPool       [0;39m [2m:[0;39m HikariPool-1 - Thread starvation or clock leap detected (housekeeper delta=11m42s442ms).
[2m2026-05-10T12:59:36.964+05:30[0;39m [33m WARN[0;39m [35m79243[0;39m [2m---[0;39m [2m[payment-service] [l-1 housekeeper][0;39m [2m[0;39m[36mcom.zaxxer.hikari.pool.HikariPool       [0;39m [2m:[0;39m HikariPool-1 - Thread starvation or clock leap detected (housekeeper delta=15m54s865ms).
[2m2026-05-10T13:16:31.900+05:30[0;39m [33m WARN[0;39m [35m79243[0;39m [2m---[0;39m [2m[payment-service] [l-1 housekeeper][0;39m [2m[0;39m[36mcom.zaxxer.hikari.pool.HikariPool       [0;39m [2m:[0;39m HikariPool-1 - Thread starvation or clock leap detected (housekeeper delta=15m54s916ms).
[2m2026-05-10T13:32:26.797+05:30[0;39m [33m WARN[0;39m [35m79243[0;39m [2m---[0;39m [2m[payment-service] [l-1 housekeeper][0;39m [2m[0;39m[36mcom.zaxxer.hikari.pool.HikariPool       [0;39m [2m:[0;39m HikariPool-1 - Thread starvation or clock leap detected (housekeeper delta=15m54s898ms).
[2m2026-05-10T13:44:29.707+05:30[0;39m [33m WARN[0;39m [35m79243[0;39m [2m---[0;39m [2m[payment-service] [l-1 housekeeper][0;39m [2m[0;39m[36mcom.zaxxer.hikari.pool.HikariPool       [0;39m [2m:[0;39m HikariPool-1 - Thread starvation or clock leap detected (housekeeper delta=11m32s900ms).
[2m2026-05-10T13:55:22.355+05:30[0;39m [33m WARN[0;39m [35m79243[0;39m [2m---[0;39m [2m[payment-service] [l-1 housekeeper][0;39m [2m[0;39m[36mcom.zaxxer.hikari.pool.HikariPool       [0;39m [2m:[0;39m HikariPool-1 - Thread starvation or clock leap detected (housekeeper delta=10m22s628ms).
